<testsuites id="" name="" tests="0" failures="0" skipped="0" errors="0" time="0.013665000000000078">
</testsuites>